--- 1. Loading and Preprocessing V3 Data ---
Loading and preprocessing data from D:\Area-and-Distribution-Free-Estimator-for-TSP\lgbm_model_v3\..\tsp_features_v3.csv...
Data Split Summary:
  Train: 59247 samples
  Val  : 16714 samples
  Test : 14457 samples

--- 2. Loading committed best params from D:\Area-and-Distribution-Free-Estimator-for-TSP\lgbm_model_v3\best_params_v3.json (skipping Optuna) ---
Loaded parameters:
{'learning_rate': 0.012846447239190406, 'num_leaves': 142, 'lambda_l1': 8.489405873618847e-08, 'lambda_l2': 1.4318198855551825, 'feature_fraction': 0.6574531228710261, 'bagging_fraction': 0.4324025932435168, 'bagging_freq': 5, 'min_child_samples': 22}

--- 4. Training Final Model ---
Finding optimal number of trees using early stopping...
[LightGBM] [Warning] feature_fraction is set=0.6574531228710261, colsample_bytree=1.0 will be ignored. Current value: feature_fraction=0.6574531228710261
[LightGBM] [Warning] lambda_l1 is set=8.489405873618847e-08, reg_alpha=0.0 will be ignored. Current value: lambda_l1=8.489405873618847e-08
[LightGBM] [Warning] lambda_l2 is set=1.4318198855551825, reg_lambda=0.0 will be ignored. Current value: lambda_l2=1.4318198855551825
[LightGBM] [Warning] bagging_fraction is set=0.4324025932435168, subsample=1.0 will be ignored. Current value: bagging_fraction=0.4324025932435168
[LightGBM] [Warning] bagging_freq is set=5, subsample_freq=0 will be ignored. Current value: bagging_freq=5
[LightGBM] [Warning] feature_fraction is set=0.6574531228710261, colsample_bytree=1.0 will be ignored. Current value: feature_fraction=0.6574531228710261
[LightGBM] [Warning] lambda_l1 is set=8.489405873618847e-08, reg_alpha=0.0 will be ignored. Current value: lambda_l1=8.489405873618847e-08
[LightGBM] [Warning] lambda_l2 is set=1.4318198855551825, reg_lambda=0.0 will be ignored. Current value: lambda_l2=1.4318198855551825
[LightGBM] [Warning] bagging_fraction is set=0.4324025932435168, subsample=1.0 will be ignored. Current value: bagging_fraction=0.4324025932435168
[LightGBM] [Warning] bagging_freq is set=5, subsample_freq=0 will be ignored. Current value: bagging_freq=5
[LightGBM] [Info] Auto-choosing col-wise multi-threading, the overhead of testing was 0.001957 seconds.
You can set `force_col_wise=true` to remove the overhead.
[LightGBM] [Info] Total Bins 6569
[LightGBM] [Info] Number of data points in the train set: 59247, number of used features: 29
[LightGBM] [Warning] feature_fraction is set=0.6574531228710261, colsample_bytree=1.0 will be ignored. Current value: feature_fraction=0.6574531228710261
[LightGBM] [Warning] lambda_l1 is set=8.489405873618847e-08, reg_alpha=0.0 will be ignored. Current value: lambda_l1=8.489405873618847e-08
[LightGBM] [Warning] lambda_l2 is set=1.4318198855551825, reg_lambda=0.0 will be ignored. Current value: lambda_l2=1.4318198855551825
[LightGBM] [Warning] bagging_fraction is set=0.4324025932435168, subsample=1.0 will be ignored. Current value: bagging_fraction=0.4324025932435168
[LightGBM] [Warning] bagging_freq is set=5, subsample_freq=0 will be ignored. Current value: bagging_freq=5
[LightGBM] [Info] Start training from score 1.102470
Optimal number of trees found: 1364
Training final model on combined (train + val) dataset...
[LightGBM] [Warning] feature_fraction is set=0.6574531228710261, colsample_bytree=1.0 will be ignored. Current value: feature_fraction=0.6574531228710261
[LightGBM] [Warning] lambda_l1 is set=8.489405873618847e-08, reg_alpha=0.0 will be ignored. Current value: lambda_l1=8.489405873618847e-08
[LightGBM] [Warning] lambda_l2 is set=1.4318198855551825, reg_lambda=0.0 will be ignored. Current value: lambda_l2=1.4318198855551825
[LightGBM] [Warning] bagging_fraction is set=0.4324025932435168, subsample=1.0 will be ignored. Current value: bagging_fraction=0.4324025932435168
[LightGBM] [Warning] bagging_freq is set=5, subsample_freq=0 will be ignored. Current value: bagging_freq=5
[LightGBM] [Warning] feature_fraction is set=0.6574531228710261, colsample_bytree=1.0 will be ignored. Current value: feature_fraction=0.6574531228710261
[LightGBM] [Warning] lambda_l1 is set=8.489405873618847e-08, reg_alpha=0.0 will be ignored. Current value: lambda_l1=8.489405873618847e-08
[LightGBM] [Warning] lambda_l2 is set=1.4318198855551825, reg_lambda=0.0 will be ignored. Current value: lambda_l2=1.4318198855551825
[LightGBM] [Warning] bagging_fraction is set=0.4324025932435168, subsample=1.0 will be ignored. Current value: bagging_fraction=0.4324025932435168
[LightGBM] [Warning] bagging_freq is set=5, subsample_freq=0 will be ignored. Current value: bagging_freq=5
[LightGBM] [Info] Auto-choosing col-wise multi-threading, the overhead of testing was 0.002038 seconds.
You can set `force_col_wise=true` to remove the overhead.
[LightGBM] [Info] Total Bins 6573
[LightGBM] [Info] Number of data points in the train set: 75961, number of used features: 29
[LightGBM] [Info] Start training from score 1.102524
Final model trained.

--- 5. Evaluating Final Model on Test Set ---
[LightGBM] [Warning] feature_fraction is set=0.6574531228710261, colsample_bytree=1.0 will be ignored. Current value: feature_fraction=0.6574531228710261
[LightGBM] [Warning] lambda_l1 is set=8.489405873618847e-08, reg_alpha=0.0 will be ignored. Current value: lambda_l1=8.489405873618847e-08
[LightGBM] [Warning] lambda_l2 is set=1.4318198855551825, reg_lambda=0.0 will be ignored. Current value: lambda_l2=1.4318198855551825
[LightGBM] [Warning] bagging_fraction is set=0.4324025932435168, subsample=1.0 will be ignored. Current value: bagging_fraction=0.4324025932435168
[LightGBM] [Warning] bagging_freq is set=5, subsample_freq=0 will be ignored. Current value: bagging_freq=5

--- Final LightGBM V3 Model Test Results ---
  Final Test RMSE: 0.015134
  Final Test MAE : 0.007099
  Final Test R^2 : 0.940107

--- 6. Saving Model and Plots ---
Saving model to D:\Area-and-Distribution-Free-Estimator-for-TSP\lgbm_model_v3\lgbm_alpha_model_v3.joblib...
Saving feature importance plot to D:\Area-and-Distribution-Free-Estimator-for-TSP\lgbm_model_v3\feature_importance_v3.png...
Plot saved successfully.

✅ Process complete.
